[www.foxnews.com/food-drink/vineyard-owners-use-gospel-john-metaphor-guide-winemaking-philosophy.html]
[backblue.gif]
[fade.gif]
[index.html]
[static.foxnews.com/static/orion/styles/img/fox-news/favicons/mstile-70x70.png]
[static.foxnews.com/static/orion/styles/img/fox-news/favicons/mstile-150x150.png]
[static.foxnews.com/static/orion/styles/img/fox-news/favicons/mstile-310x310.png]
[static.foxnews.com/static/orion/styles/img/fox-news/favicons/mstile-310x150.png]
[static.foxnews.com/foxnews.com/content/uploads/2025/10/vineyard-people-walking.jpg]
[a57.foxnews.com/static.foxnews.com/foxnews.com/content/uploads/2025/10/1024/512/vineyard-people-walking3a5a.jpg]
[static.foxnews.com/static/orion/styles/img/fox-news/favicons/apple-touch-icon-57x57.png]
[static.foxnews.com/static/orion/styles/img/fox-news/favicons/apple-touch-icon-60x60.png]
[static.foxnews.com/static/orion/styles/img/fox-news/favicons/apple-touch-icon-72x72.png]
[static.foxnews.com/static/orion/styles/img/fox-news/favicons/apple-touch-icon-76x76.png]
[static.foxnews.com/static/orion/styles/img/fox-news/favicons/apple-touch-icon-114x114.png]
[static.foxnews.com/static/orion/styles/img/fox-news/favicons/apple-touch-icon-120x120.png]
[static.foxnews.com/static/orion/styles/img/fox-news/favicons/apple-touch-icon-144x144.png]
[static.foxnews.com/static/orion/styles/img/fox-news/favicons/apple-touch-icon-152x152.png]
[static.foxnews.com/static/orion/styles/img/fox-news/favicons/apple-touch-icon-180x180.png]
[static.foxnews.com/static/orion/styles/img/fox-news/favicons/favicon-16x16.png]
[static.foxnews.com/static/orion/styles/img/fox-news/favicons/favicon-32x32.png]
[static.foxnews.com/static/orion/styles/img/fox-news/favicons/favicon-96x96.png]
[static.foxnews.com/static/orion/styles/img/fox-news/favicons/android-chrome-192x192.png]
[c.amazon-adsystem.com/aax2/apstag.js]
[static.foxnews.com/static/strike/scripts/libs/prebid.js]
[client.aps.amazon-adsystem.com/publisher.js]
[www.foxnews.com/food-drink/vineyard-owners-use-gospel-john-metaphor-guide-winemaking-philosophy-2.html]
[cf-images.us-east-1.prod.boltdns.net/v1/static/694940094001/49d7289f-7a5b-4677-a697-d7b0982a19f0/36fb4bd2-6c73-4304-b309-d2b4fa897e8f/1280x720/match/image.jpg]
[static.foxnews.com/static/orion/styles/css/fox-news/article.rs.css]
[www.datadoghq-browser-agent.com/datadog-rum-v4.js]
[static.foxnews.com/static/orion/scripts/core/ag.core.js]
[static.foxnews.com/static/isa/core.js]
[static.foxnews.com/static/strike/ver/foxnews/loader.global.js]
[static.foxnews.com/static/orion/scripts/core/pages/articles.new/loader.js]
[www.foxnews.com/_wzln/dbbf1bc.js]
[www.foxnews.com/_wzln/349d140.js]
[www.foxnews.com/_wzln/e0bfc4a.js]
[www.foxnews.com/_wzln/8a1e1f7.js]
[a57.foxnews.com/cf-images.us-east-1.prod.boltdns.net/v1/static/694940094001/02dba842-1f14-4d84-80db-ed59a3461bb8/c901a0c8-01b2-45ab-a7c3-4837e802d1f9/1280x720/match/320/180/image3a5a.jpg]
[a57.foxnews.com/cf-images.us-east-1.prod.boltdns.net/v1/static/694940094001/d42378b0-d2a9-443d-bd86-8ab68f412ff0/ab31722d-673b-478f-a28c-563631014fa8/1280x720/match/320/180/image3a5a.jpg]
[a57.foxnews.com/cf-images.us-east-1.prod.boltdns.net/v1/static/694940094001/4569f133-c534-44c2-85e7-435deb12a040/3804c448-b51e-4350-afc3-92fe10551703/1280x720/match/320/180/image3a5a.jpg]
[a57.foxnews.com/cf-images.us-east-1.prod.boltdns.net/v1/static/694940094001/a611ebe3-f079-42d7-9863-2a3255f38d4a/aec942db-7318-42f5-8650-bdf4697d1d16/1280x720/match/320/180/image3a5a.jpg]
[a57.foxnews.com/cf-images.us-east-1.prod.boltdns.net/v1/static/694940094001/b5e30f22-ec20-4b5e-b61f-2408c88e66cc/adf40b00-df05-46e5-9488-5dc994349b16/1280x720/match/320/180/image3a5a.jpg]
[a57.foxnews.com/cf-images.us-east-1.prod.boltdns.net/v1/static/694940094001/1eed091f-0744-4773-a3b9-eacd111cbab3/41310701-36a0-4dff-81e4-aaedc1e3c597/1280x720/match/320/180/image3a5a.jpg]
[a57.foxnews.com/cf-images.us-east-1.prod.boltdns.net/v1/static/694940094001/3d1fb68c-d405-45a0-8320-cd2ee8cc4285/695ca237-0f2c-4bea-8d6f-8bc1c0272ea5/1280x720/match/320/180/image3a5a.jpg]
[a57.foxnews.com/cf-images.us-east-1.prod.boltdns.net/v1/static/694940094001/a8b80994-202f-4732-ab2a-b5dc958c6a5a/cab59965-4bc8-470f-bb0c-0c7e4f685791/1280x720/match/320/180/image3a5a.jpg]
[a57.foxnews.com/cf-images.us-east-1.prod.boltdns.net/v1/static/694940094001/72b2df37-153f-4e9a-a0ab-44630b987cb9/d65db72e-f0d8-458c-b3a0-93d6df3ddf36/1280x720/match/320/180/image3a5a.jpg]
[a57.foxnews.com/cf-images.us-east-1.prod.boltdns.net/v1/static/694940094001/8adce3a5-4ba8-4775-99b8-5d4072f636e3/cf86f160-a7d0-4efb-a71c-36921200b654/1280x720/match/320/180/image3a5a.jpg]
[a57.foxnews.com/cf-images.us-east-1.prod.boltdns.net/v1/static/694940094001/264fd5b2-bf58-41e1-be20-8b843409d334/65bde24a-58c2-4707-abcb-00a46a415c8b/1280x720/match/320/180/image3a5a.jpg]
[a57.foxnews.com/cf-images.us-east-1.prod.boltdns.net/v1/static/694940094001/7aed50de-5133-4743-8425-50af6678ba07/3369d302-2855-4a2a-886a-c37a1d74bbc2/1280x720/match/320/180/image3a5a.jpg]
[a57.foxnews.com/cf-images.us-east-1.prod.boltdns.net/v1/static/694940094001/5f11bca4-8719-495e-a4c5-c38deb7ebd41/2b4ad0b8-2a4a-4ad8-be8e-2a2a494723c6/1280x720/match/320/180/image3a5a.jpg]
[a57.foxnews.com/cf-images.us-east-1.prod.boltdns.net/v1/static/694940094001/f5f10c10-5c08-489d-bf74-287f30117027/d1df5424-11f7-4cab-9c38-cf6b7b682608/1280x720/match/320/180/image3a5a.jpg]
[a57.foxnews.com/cf-images.us-east-1.prod.boltdns.net/v1/static/694940094001/efd2ba0e-cbbc-4e2a-a0a7-a0d5d4e169ae/d984f264-7a5f-4628-bb39-50da8722c341/1280x720/match/320/180/image3a5a.jpg]
[a57.foxnews.com/cf-images.us-east-1.prod.boltdns.net/v1/static/694940094001/c6928a84-cc03-4841-8b86-adf564be9f39/c470bd92-c4f8-424c-9d98-808a45bdc032/1280x720/match/320/180/image3a5a.jpg]
[a57.foxnews.com/cf-images.us-east-1.prod.boltdns.net/v1/static/694940094001/61b9dd3d-3bd6-4385-ab89-d1972a595744/dcd0a42a-a4b1-4af1-8f45-aa3666d66c83/1280x720/match/320/180/image3a5a.jpg]
[a57.foxnews.com/cf-images.us-east-1.prod.boltdns.net/v1/static/694940094001/60527374-2699-4588-9b3e-22fbcbdc7b60/2c715c67-dbcb-4c83-8694-adf6104c52c1/1280x720/match/320/180/image3a5a.jpg]
[a57.foxnews.com/cf-images.us-east-1.prod.boltdns.net/v1/static/694940094001/2b169c44-0e39-4bd8-bcf4-56512e27ff2d/500d6f31-19f5-46f3-9289-1bcf38e434b2/1280x720/match/320/180/image3a5a.jpg]
[a57.foxnews.com/cf-images.us-east-1.prod.boltdns.net/v1/static/694940094001/a4bd439b-7d3f-4d53-9394-0eb9d007cc17/3b498916-8da1-43a6-bb90-96dddf1c2162/1280x720/match/320/180/image3a5a.jpg]
[a57.foxnews.com/static.foxnews.com/foxnews.com/content/uploads/2022/10/340/340/Green_Lauren_OFFICIAL3a5a.jpg]
[www.foxnews.com/food-drink/vineyard-owners-use-gospel-john-metaphor-guide-winemaking-philosophy-3.html]
[a57.foxnews.com/cf-images.us-east-1.prod.boltdns.net/v1/static/694940094001/49d7289f-7a5b-4677-a697-d7b0982a19f0/36fb4bd2-6c73-4304-b309-d2b4fa897e8f/1280x720/match/896/500/image3a5a.jpg]
[www.foxnews.com/food-drink/navy-vet-turned-winemaker-infuses-military-grit-powerhouse-pours.html]
[a57.foxnews.com/static.foxnews.com/foxnews.com/content/uploads/2025/10/1200/675/grapes-in-vineyard3a5a.jpg]
[www.foxnews.com/food-drink/texas-winery-beats-napa-elites-small-town-savvy-top-notch-taste.html]
[a57.foxnews.com/static.foxnews.com/foxnews.com/content/uploads/2025/10/1200/675/vineyard-people-walking3a5a.jpg]
[www.foxnews.com/food-drink/wine-sales-slipping-us-americans-leave-alcohol-behind.html]
[a57.foxnews.com/static.foxnews.com/foxnews.com/content/uploads/2025/10/1200/675/drinking-wine3a5a.jpg]
[static.foxnews.com/foxnews.com/content/uploads/2022/11/NEWSLETTER_LIFESTYLE_LOGO-532x120.png]
[www.foxnews.com/food-drink/vineyard-owners-use-gospel-john-metaphor-guide-winemaking-philosophy.html]
[cdn.ampproject.org/v0.js]
[cdn.ampproject.org/v0/amp-sidebar-0.1.js]
[cdn.ampproject.org/v0/amp-iframe-0.1.js]
[cdn.ampproject.org/v0/amp-ad-0.1.js]
[cdn.ampproject.org/v0/amp-facebook-0.1.js]
[cdn.ampproject.org/v0/amp-instagram-0.1.js]
[cdn.ampproject.org/v0/amp-twitter-0.1.js]
[cdn.ampproject.org/v0/amp-vimeo-0.1.js]
[cdn.ampproject.org/v0/amp-youtube-0.1.js]
[cdn.ampproject.org/v0/amp-form-0.1.js]
[cdn.ampproject.org/v0/amp-carousel-0.1.js]
[cdn.ampproject.org/v0/amp-analytics-0.1.js]
[cdn.ampproject.org/v0/amp-video-0.1.js]
[cdn.ampproject.org/v0/amp-fit-text-0.1.js]
[cdn.ampproject.org/v0/amp-geo-0.1.js]
[cdn.ampproject.org/v0/amp-sticky-ad-1.0.js]
[cdn.ampproject.org/v0/amp-script-0.1.js]
[cdn.ampproject.org/v0/amp-render-1.0.js]
[cdn.ampproject.org/v0/amp-mustache-0.2.js]
[static.foxnews.com/static/orion/img/clear.gif]
[www.foxnews.com/food-drink/amp-script_ppid.fetchData]
[a57.foxnews.com/cf-images.us-east-1.prod.boltdns.net/v1/static/694940094001/49d7289f-7a5b-4677-a697-d7b0982a19f0/36fb4bd2-6c73-4304-b309-d2b4fa897e8f/1280x720/match/1200/675/image3a5a.jpg]
[pix.pub/t1297.png]
[amp.spot.im/loader.png]
[www.foxnews.com/food-drink/vineyard-owners-use-gospel-john-metaphor-guide-winemaking-philosophy-2.html]
[static.foxnews.com/static/orion/styles/img/fox-news/bg/close.png]
[static.foxnews.com/static/orion/styles/img/fox-news/bg/fnf-newsletter-phone.png]
[static.foxnews.com/static/orion/styles/img/fox-news/bg/fnf-newsletter-phone-2x.png]
[static.foxnews.com/static/orion/styles/img/fox-news/bg/fnf-newsletter-email.png]
[static.foxnews.com/static/orion/styles/img/fox-news/bg/fnf-newsletter-email-2x.png]
[static.foxnews.com/static/orion/styles/img/fox-news/bg/fnf-newsletter-talent.png]
[static.foxnews.com/static/orion/styles/img/fox-news/icons/close-small-white.png]
[static.foxnews.com/static/orion/styles/img/fox-news/icons-2x/close-small-white.png]
[static.foxnews.com/static/orion/styles/img/fox-news/icons/close-small-black.png]
[static.foxnews.com/static/orion/styles/img/fox-news/icons-2x/close-small-black.png]
[static.foxnews.com/static/orion/styles/img/fox-news/bg/coronavirus-pandemic-small-logo.png]
[static.foxnews.com/static/orion/styles/img/fox-news/bg/coronavirus-pandemic-small-logo-2x.png]
[static.foxnews.com/static/orion/styles/img/fox-news/bg/lincoln.png]
[static.foxnews.com/static/orion/styles/img/fox-news/bg/fnf-newsletter-bg3.png]
[static.foxnews.com/static/orion/styles/img/fox-news/bg/coronavirus-pandemic-large-logo.png]
[static.foxnews.com/static/orion/styles/img/fox-news/bg/coronavirus-pandemic-large-logo-2x.png]
[static.foxnews.com/static/orion/styles/img/fox-news/bg/fox-news-default.png]
[static.foxnews.com/static/orion/styles/img/fox-news/bg/article-video-hide.png]
[static.foxnews.com/static/orion/styles/img/fox-news/icons/alert-close.png]
[static.foxnews.com/static/orion/styles/img/fox-news/icons-2x/alert-close.png]
[static.foxnews.com/static/orion/styles/css/fox-news/article.rs.css]
[www.foxnews.com/food-drink/vineyard-owners-use-gospel-john-metaphor-guide-winemaking-philosophy-3.html]
[www.foxnews.com/food-drink/navy-vet-turned-winemaker-infuses-military-grit-powerhouse-pours.html]
[www.foxnews.com/food-drink/texas-winery-beats-napa-elites-small-town-savvy-top-notch-taste.html]
[www.foxnews.com/food-drink/wine-sales-slipping-us-americans-leave-alcohol-behind.html]
[www.foxnews.com/food-drink/amp-script_ppid.html]
